<html>
<head>
    <title>Home page</title>
</head>
<body>
    <h1>Home page</h1>

    <ul>
                    <li><a href="/foo">[2020-11-01] Foo</a></li>
                    <li><a href="/hello-world">[2020-10-30] Hello world</a></li>
            </ul>
</body>
</html>
